// Jest Snapshot v1, https://goo.gl/fbAQLP

exports[`renders correctly 1`] = `
<div
  className="MuiPaper-root MuiPaper-elevation MuiPaper-rounded MuiPaper-elevation1 MuiAccordion-root MuiAccordion-rounded MuiAccordion-gutters sc-bcXHqe gLbxmD css-1elwnq4-MuiPaper-root-MuiAccordion-root"
>
  <div
    aria-controls="panel1a-content"
    aria-expanded={false}
    className="MuiButtonBase-root MuiAccordionSummary-root MuiAccordionSummary-gutters css-sh22l5-MuiButtonBase-root-MuiAccordionSummary-root"
    id="panel1a-header"
    onBlur={[Function]}
    onClick={[Function]}
    onContextMenu={[Function]}
    onDragLeave={[Function]}
    onFocus={[Function]}
    onKeyDown={[Function]}
    onKeyUp={[Function]}
    onMouseDown={[Function]}
    onMouseLeave={[Function]}
    onMouseUp={[Function]}
    onTouchEnd={[Function]}
    onTouchMove={[Function]}
    onTouchStart={[Function]}
    role="button"
    tabIndex={0}
  >
    <div
      className="MuiAccordionSummary-content MuiAccordionSummary-contentGutters css-o4b71y-MuiAccordionSummary-content"
    >
      <p
        className="MuiTypography-root MuiTypography-body1 css-ahj2mt-MuiTypography-root"
      >
        test
      </p>
    </div>
  </div>
  <div
    className="MuiCollapse-root MuiCollapse-vertical MuiCollapse-hidden css-bz4dnt-MuiCollapse-root"
    style={
      Object {
        "minHeight": "0px",
      }
    }
  >
    <div
      className="MuiCollapse-wrapper MuiCollapse-vertical css-smkl36-MuiCollapse-wrapper"
    >
      <div
        className="MuiCollapse-wrapperInner MuiCollapse-vertical css-9l5vo-MuiCollapse-wrapperInner"
      >
        <div
          aria-labelledby="panel1a-header"
          className="MuiAccordion-region"
          id="panel1a-content"
          role="region"
        >
          <div
            className="MuiAccordionDetails-root css-15v22id-MuiAccordionDetails-root"
          >
            <h1>
               description 
            </h1>
          </div>
        </div>
      </div>
    </div>
  </div>
</div>
`;

exports[`should renders correctly 1`] = `
<div
  className="MuiPaper-root MuiPaper-elevation MuiPaper-rounded MuiPaper-elevation1 MuiAccordion-root MuiAccordion-rounded MuiAccordion-gutters sc-bcXHqe gLbxmD css-1elwnq4-MuiPaper-root-MuiAccordion-root"
>
  <div
    aria-controls="panel1a-content"
    aria-expanded={false}
    className="MuiButtonBase-root MuiAccordionSummary-root MuiAccordionSummary-gutters css-sh22l5-MuiButtonBase-root-MuiAccordionSummary-root"
    id="panel1a-header"
    onBlur={[Function]}
    onClick={[Function]}
    onContextMenu={[Function]}
    onDragLeave={[Function]}
    onFocus={[Function]}
    onKeyDown={[Function]}
    onKeyUp={[Function]}
    onMouseDown={[Function]}
    onMouseLeave={[Function]}
    onMouseUp={[Function]}
    onTouchEnd={[Function]}
    onTouchMove={[Function]}
    onTouchStart={[Function]}
    role="button"
    tabIndex={0}
  >
    <div
      className="MuiAccordionSummary-content MuiAccordionSummary-contentGutters css-o4b71y-MuiAccordionSummary-content"
    >
      <p
        className="MuiTypography-root MuiTypography-body1 css-ahj2mt-MuiTypography-root"
      >
        test
      </p>
    </div>
  </div>
  <div
    className="MuiCollapse-root MuiCollapse-vertical MuiCollapse-hidden css-bz4dnt-MuiCollapse-root"
    style={
      Object {
        "minHeight": "0px",
      }
    }
  >
    <div
      className="MuiCollapse-wrapper MuiCollapse-vertical css-smkl36-MuiCollapse-wrapper"
    >
      <div
        className="MuiCollapse-wrapperInner MuiCollapse-vertical css-9l5vo-MuiCollapse-wrapperInner"
      >
        <div
          aria-labelledby="panel1a-header"
          className="MuiAccordion-region"
          id="panel1a-content"
          role="region"
        >
          <div
            className="MuiAccordionDetails-root css-15v22id-MuiAccordionDetails-root"
          >
            <h1>
               description 
            </h1>
          </div>
        </div>
      </div>
    </div>
  </div>
</div>
`;
